
/home/runner/work/exp-transfer-learning-dei/exp-transfer-learning-dei/experiment/simulation/interactive/js/script.js
   110:7   warning  'TAB_ORDER' is assigned a value but never used        no-unused-vars
   148:5   warning  'sim1Initialized' is assigned a value but never used  no-unused-vars
   529:31  warning  'Chart' is not defined                                no-undef
   535:29  warning  'Chart' is not defined                                no-undef
   541:32  warning  'Chart' is not defined                                no-undef
   547:30  warning  'Chart' is not defined                                no-undef
   795:5   warning  'd3' is not defined                                   no-undef
   799:5   warning  'd3' is not defined                                   no-undef
   805:5   warning  'd3' is not defined                                   no-undef
   806:5   warning  'd3' is not defined                                   no-undef
   899:17  warning  'd3' is not defined                                   no-undef
   909:20  warning  'd3' is not defined                                   no-undef
   910:20  warning  'd3' is not defined                                   no-undef
   918:27  warning  'd3' is not defined                                   no-undef
   918:43  warning  'd3' is not defined                                   no-undef
   922:23  warning  'd3' is not defined                                   no-undef
   923:23  warning  'd3' is not defined                                   no-undef
   926:24  warning  'd3' is not defined                                   no-undef
   931:32  warning  'd3' is not defined                                   no-undef
   943:62  warning  'd3' is not defined                                   no-undef
   976:15  warning  'd3' is not defined                                   no-undef
   981:15  warning  'd3' is not defined                                   no-undef
   985:19  warning  'd3' is not defined                                   no-undef
   987:19  warning  'd3' is not defined                                   no-undef
  1007:42  warning  'd3' is not defined                                   no-undef
  1082:27  warning  'Chart' is not defined                                no-undef
  1088:29  warning  'Chart' is not defined                                no-undef
  1163:23  warning  'd3' is not defined                                   no-undef
  1211:40  warning  'd3' is not defined                                   no-undef
  1212:71  warning  'd3' is not defined                                   no-undef
  1339:17  warning  'd3' is not defined                                   no-undef
  1376:18  warning  'd3' is not defined                                   no-undef

/home/runner/work/exp-transfer-learning-dei/exp-transfer-learning-dei/experiment/simulation/js/data.js
    4:7  warning  'EXPERIMENT_DATA' is assigned a value but never used  no-unused-vars
  290:7  warning  'CODE_TEMPLATES' is assigned a value but never used   no-unused-vars

/home/runner/work/exp-transfer-learning-dei/exp-transfer-learning-dei/experiment/simulation/js/main.js
   54:12  warning  'EXPERIMENT_DATA' is not defined              no-undef
  109:23  warning  'CODE_TEMPLATES' is not defined               no-undef
  279:13  warning  Unexpected lexical declaration in case block  no-case-declarations
  285:13  warning  Unexpected lexical declaration in case block  no-case-declarations
  287:13  warning  Unexpected lexical declaration in case block  no-case-declarations
  288:13  warning  Unexpected lexical declaration in case block  no-case-declarations
  292:13  warning  Unexpected lexical declaration in case block  no-case-declarations
  299:13  warning  Unexpected lexical declaration in case block  no-case-declarations
  301:13  warning  Unexpected lexical declaration in case block  no-case-declarations
  302:13  warning  Unexpected lexical declaration in case block  no-case-declarations
  315:13  warning  Unexpected lexical declaration in case block  no-case-declarations
  319:13  warning  Unexpected lexical declaration in case block  no-case-declarations
  320:13  warning  Unexpected lexical declaration in case block  no-case-declarations
  321:13  warning  Unexpected lexical declaration in case block  no-case-declarations
  333:13  warning  Unexpected lexical declaration in case block  no-case-declarations
  335:13  warning  Unexpected lexical declaration in case block  no-case-declarations
  343:13  warning  Unexpected lexical declaration in case block  no-case-declarations
  350:13  warning  Unexpected lexical declaration in case block  no-case-declarations

/home/runner/work/exp-transfer-learning-dei/exp-transfer-learning-dei/experiment/simulation/notebook/js/data.js
    4:7  warning  'EXPERIMENT_DATA' is assigned a value but never used  no-unused-vars
  290:7  warning  'CODE_TEMPLATES' is assigned a value but never used   no-unused-vars

/home/runner/work/exp-transfer-learning-dei/exp-transfer-learning-dei/experiment/simulation/notebook/js/main.js
   54:12  warning  'EXPERIMENT_DATA' is not defined              no-undef
  109:23  warning  'CODE_TEMPLATES' is not defined               no-undef
  279:13  warning  Unexpected lexical declaration in case block  no-case-declarations
  285:13  warning  Unexpected lexical declaration in case block  no-case-declarations
  287:13  warning  Unexpected lexical declaration in case block  no-case-declarations
  288:13  warning  Unexpected lexical declaration in case block  no-case-declarations
  292:13  warning  Unexpected lexical declaration in case block  no-case-declarations
  299:13  warning  Unexpected lexical declaration in case block  no-case-declarations
  301:13  warning  Unexpected lexical declaration in case block  no-case-declarations
  302:13  warning  Unexpected lexical declaration in case block  no-case-declarations
  315:13  warning  Unexpected lexical declaration in case block  no-case-declarations
  319:13  warning  Unexpected lexical declaration in case block  no-case-declarations
  320:13  warning  Unexpected lexical declaration in case block  no-case-declarations
  321:13  warning  Unexpected lexical declaration in case block  no-case-declarations
  333:13  warning  Unexpected lexical declaration in case block  no-case-declarations
  335:13  warning  Unexpected lexical declaration in case block  no-case-declarations
  343:13  warning  Unexpected lexical declaration in case block  no-case-declarations
  350:13  warning  Unexpected lexical declaration in case block  no-case-declarations

✖ 72 problems (0 errors, 72 warnings)

